[04-08-2026 01:22:50]
You  : battery
Nova : Battery is 84 percent.
----------------------------------------
[04-08-2026 01:23:51]
You  : exit
Nova : Goodbye!
----------------------------------------
[04-08-2026 02:00:41]
You  : exit
Nova : Goodbye!
----------------------------------------
[04-08-2026 02:08:22]
You  : u:exit
Nova : I am still learning
----------------------------------------
[04-08-2026 02:08:31]
You  : eexit
Nova : I am still learning
----------------------------------------
[04-08-2026 02:08:40]
You  : exit
Nova : Goodbye!
----------------------------------------
[04-08-2026 02:09:30]
You  : status
Nova : Battery: 81% (DISCHARGING)
Time: Tuesday 04 August 2026 |  2:09:14 AM
Nova Version: 0.1.0
----------------------------------------
[04-08-2026 02:11:11]
You  : cd ~/NovaAI
Nova : I am still learning
----------------------------------------
[04-08-2026 02:11:16]
You  : 
Nova : I am still learning
----------------------------------------
[04-08-2026 02:11:25]
You  : touch plugins/device.pyexit
Nova : I am still learning
----------------------------------------
[04-08-2026 02:11:35]
You  : exit
Nova : Goodbye!
----------------------------------------
[04-08-2026 14:21:55]
You  : device
Nova : Brand : Redmi
Model : M2006C3MII
Android : 10
----------------------------------------
[04-08-2026 14:29:26]
You  : exit
Nova : Goodbye!
----------------------------------------
[04-08-2026 14:41:38]
You  : storage
Nova : Total Storage : 110.04 GB
Used Storage : 8.06 GB
Free Storage : 101.76 GB
Usage : 7.32%
----------------------------------------
[04-08-2026 14:45:49]
You  :  exit
Nova : I am still learning
----------------------------------------
[04-08-2026 14:45:58]
You  : exit
Nova : Goodbye!
----------------------------------------
[04-08-2026 14:49:30]
You  : help
Nova : 
Available Commands

• help
• battery
• device
• storage
• status
• time
• remember my name is ...
• what is my name
• exit

----------------------------------------
[04-08-2026 14:50:19]
You  : exit
Nova : Goodbye!
----------------------------------------
[04-08-2026 15:01:29]
You  : how much battery is left
Nova : Battery is 73 percent.
----------------------------------------
[04-08-2026 15:01:59]
You  : tell me about my ohone
Nova : I am still learning
----------------------------------------
[04-08-2026 15:02:25]
You  : ltell me about my phonr
Nova : I am still learning
----------------------------------------
[04-08-2026 15:02:47]
You  : tell me about my phone
Nova : I am still learning
----------------------------------------
[04-08-2026 15:03:12]
You  : Tell me about my phone
Nova : I am still learning
----------------------------------------
[04-08-2026 15:03:47]
You  : how much storage do i have
Nova : Total Storage : 110.04 GB
Used Storage : 8.06 GB
Free Storage : 101.76 GB
Usage : 7.32%
----------------------------------------
[04-08-2026 15:04:05]
You  : what time is it
Nova : Tuesday 04 August 2026 |  3:03:55 PM
----------------------------------------
[04-08-2026 15:04:33]
You  : how much storage do i have?
Nova : Total Storage : 110.04 GB
Used Storage : 8.06 GB
Free Storage : 101.76 GB
Usage : 7.32%
----------------------------------------
[04-08-2026 15:04:51]
You  : tell me about my phone.
Nova : I am still learning
----------------------------------------
[04-08-2026 15:06:49]
You  : tell me about my phone
Nova : I am still learning
----------------------------------------
[04-08-2026 15:08:59]
You  : exit
Nova : Goodbye!
----------------------------------------
[04-08-2026 15:13:54]
You  : tell me about my phone
Nova : Brand : Redmi
Model : M2006C3MII
Android : 10
----------------------------------------
[04-08-2026 15:15:14]
You  : storage
Nova : Total Storage : 110.04 GB
Used Storage : 8.06 GB
Free Storage : 101.76 GB
Usage : 7.32%
----------------------------------------
[04-08-2026 15:24:04]
You  : exit
Nova : Goodbye!
----------------------------------------
[04-08-2026 15:49:41]
You  : my favourite language is python
Nova : I am still learning
----------------------------------------
[04-08-2026 15:50:37]
You  : My favourite language is Python.
Nova : I am still learning
----------------------------------------
[04-08-2026 15:51:28]
You  : what language did i just mention?
Nova : I am still learning
----------------------------------------
[04-08-2026 15:53:52]
You  : exit
Nova : Goodbye!
----------------------------------------
[04-08-2026 16:29:16]
You  : my favourite language is python
Nova : I am still learning
----------------------------------------
[04-08-2026 16:29:31]
You  : My favourite language is Python.
Nova : I am still learning
----------------------------------------
[04-08-2026 16:30:31]
You  : nano brain/brain.py
Nova : I am still learning
----------------------------------------
[04-08-2026 16:30:39]
You  : exit
Nova : Goodbye!
----------------------------------------
[04-08-2026 16:45:24]
You  : My favourite language is Python.
Nova : I am still learning.
----------------------------------------
[04-08-2026 16:45:42]
You  : My favourite language is Python.
Nova : I am still learning.
----------------------------------------
[04-08-2026 16:45:56]
You  : What language did I just mention?
Nova : You just mentioned Python..
----------------------------------------
[04-08-2026 16:46:22]
You  : my favouritr language is python
Nova : I am still learning.
----------------------------------------
[04-08-2026 16:47:40]
You  : my favourite language is ?
Nova : I am still learning.
----------------------------------------
[04-08-2026 16:47:53]
You  : What language did I just mention?
Nova : You just mentioned ?.
----------------------------------------
[04-08-2026 16:48:17]
You  : my favourite language is python
Nova : I am still learning.
----------------------------------------
[04-08-2026 16:48:25]
You  : What language did I just mention?
Nova : You just mentioned Python.
----------------------------------------
[04-08-2026 16:50:25]
You  : exit
Nova : Goodbye!
----------------------------------------
[04-08-2026 16:59:37]
You  : My favourite language is Python.
Nova : I'll remember your favourite language is Python..
----------------------------------------
[04-08-2026 17:00:19]
You  : what is my favourite language
Nova : Your favourite language is Python..
----------------------------------------
[04-08-2026 17:04:01]
You  : exit
Nova : Goodbye!
----------------------------------------
[05-08-2026 16:06:24]
You  : what iwhat is your name
Nova : I am still learning.
----------------------------------------
[05-08-2026 16:06:50]
You  : remember you name is Nova
Nova : I am still learning.
----------------------------------------
[05-08-2026 16:07:04]
You  : i am talking with nova
Nova : I am still learning.
----------------------------------------
[05-08-2026 16:07:25]
You  : what is my favourite language
Nova : Your favourite language is Python..
----------------------------------------
[05-08-2026 16:07:48]
You  : what is your name
Nova : I am still learning.
----------------------------------------
[05-08-2026 16:07:59]
You  : your name is Nova
Nova : I am still learning.
----------------------------------------
[05-08-2026 16:08:13]
You  : exit
Nova : Goodbye!
----------------------------------------
[06-08-2026 01:26:37]
You  : my favourite food
Nova : I am still learning.
----------------------------------------
[06-08-2026 01:26:58]
You  : what is my favourite food
Nova : I am still learning.
----------------------------------------
[06-08-2026 01:29:08]
You  : exit
Nova : Goodbye!
----------------------------------------
[06-08-2026 01:38:29]
You  : hello
Nova : I am still learning.
----------------------------------------
[06-08-2026 01:39:05]
You  : hello
Nova : I am still learning.
----------------------------------------
[06-08-2026 01:40:19]
You  : cat ai/planner.py
Nova : I am still learning.
----------------------------------------
[06-08-2026 01:40:26]
You  : exit
Nova : Goodbye!
----------------------------------------
[06-08-2026 01:45:36]
You  : hello
Nova : Hello! I am a new plugin.
----------------------------------------
[06-08-2026 01:47:19]
You  : exit
Nova : Goodbye!
----------------------------------------
[06-08-2026 01:52:47]
You  : def choose_action(user):
Nova : I am still learning.
----------------------------------------
[06-08-2026 01:52:52]
You  : 
Nova : I am still learning.
----------------------------------------
[06-08-2026 01:52:57]
You  :     user = user.lower().strip()
Nova : I am still learning.
----------------------------------------
[06-08-2026 01:53:02]
You  : 
Nova : I am still learning.
----------------------------------------
[06-08-2026 01:53:47]
You  : check my phone
Nova : Brand : Redmi
Model : M2006C3MII
Android : 10
----------------------------------------
[06-08-2026 01:55:50]
You  : Tell me about my phone
Nova : Brand : Redmi
Model : M2006C3MII
Android : 10
----------------------------------------
[06-08-2026 01:56:32]
You  : What's the date?
Nova : Thursday 06 August 2026 |  1:56:21 AM
----------------------------------------
[06-08-2026 01:58:02]
You  : exit
Nova : Goodbye!
----------------------------------------
[06-08-2026 02:18:16]
You  : How much charge do I have?
Nova : Battery is 42 percent.
----------------------------------------
[06-08-2026 02:18:39]
You  : what is your name
Nova : I am still learning.
----------------------------------------
[06-08-2026 02:18:55]
You  : your name is nova
Nova : I am still learning.
----------------------------------------
[06-08-2026 02:20:42]
You  : exit
Nova : Goodbye!
----------------------------------------
[06-08-2026 02:30:16]
You  : what is your name
Nova : My name is NOVA. I am your personal AI assistant.
----------------------------------------
[06-08-2026 02:30:35]
You  : who created you 
Nova : I was created by hanzo.
----------------------------------------
[06-08-2026 02:30:50]
You  : who are you
Nova : My name is NOVA. I am your personal AI assistant.
----------------------------------------
[06-08-2026 02:32:13]
You  : where you live
Nova : I am still learning.
----------------------------------------
[06-08-2026 02:32:53]
You  : exit
Nova : Goodbye!
----------------------------------------
[11-08-2026 20:50:53]
You  : who are you
Nova : My name is NOVA. I am your personal AI assistant.
----------------------------------------
[11-08-2026 20:51:41]
You  : exit
Nova : Goodbye!
----------------------------------------
[12-08-2026 00:50:30]
You  :  exit
Nova : I am still learning.
----------------------------------------
[12-08-2026 00:50:44]
You  : exit
Nova : Goodbye!
----------------------------------------
[12-08-2026 01:16:08]
You  : exit
Nova : Goodbye!
----------------------------------------
[12-08-2026 01:29:06]
You  : My favourite language is python.
Nova : I'll remember your favourite language is python..
----------------------------------------
[12-08-2026 01:29:40]
You  : My favourite fruit is orange.
Nova : I am still learning.
----------------------------------------
[12-08-2026 01:30:09]
You  : exit
Nova : Goodbye!
----------------------------------------
[12-08-2026 01:55:57]
You  : My favourite food is pizza
Nova : I'll remember that your favourite food is pizza.
----------------------------------------
[12-08-2026 01:56:10]
You  : exit
Nova : Goodbye!
----------------------------------------
[12-08-2026 01:56:49]
You  : what is my favourite food
Nova : I am still learning.
----------------------------------------
[12-08-2026 01:57:39]
You  : exit
Nova : Goodbye!
----------------------------------------
[12-08-2026 02:11:35]
You  : what is my favourite food
Nova : I am still learning.
----------------------------------------
[12-08-2026 02:12:48]
You  : exit
Nova : Goodbye!
----------------------------------------
[12-08-2026 13:16:45]
You  : what is my name
Nova : Your name is hanzo.
----------------------------------------
[12-08-2026 13:16:58]
You  : what is my favourite language
Nova : Your favourite language is Python..
----------------------------------------
[12-08-2026 13:17:12]
You  : what is my favourite food
Nova : Your favourite food is pizza.
----------------------------------------
[12-08-2026 13:17:38]
You  : exit
Nova : Goodbye!
----------------------------------------
[12-08-2026 13:18:34]
You  : My favourite language is Python.
Nova : I'll remember that your favourite language is Python..
----------------------------------------
[12-08-2026 13:18:50]
You  : exit
Nova : Goodbye!
----------------------------------------
[12-08-2026 13:20:06]
You  : My favourite language is Python.
Nova : I'll remember that your favourite language is Python..
----------------------------------------
[12-08-2026 13:20:21]
You  : What is my favourite language?
Nova : Your favourite language is Python..
----------------------------------------
[12-08-2026 13:20:34]
You  : I also like Java.
Nova : I am still learning.
----------------------------------------
[12-08-2026 13:20:54]
You  : What languages do I like?
Nova : I am still learning.
----------------------------------------
[12-08-2026 13:22:01]
You  : exit
Nova : Goodbye!
----------------------------------------
[12-08-2026 13:34:29]
You  : My favourite language is Python.
Nova : I'll remember that your favourite language is Python..
----------------------------------------
[12-08-2026 13:34:42]
You  : I also like Java.
Nova : I'll remember that you also like Java..
----------------------------------------
[12-08-2026 13:34:58]
You  : What languages do I like?
Nova : I don't know which languages you like yet.
----------------------------------------
[12-08-2026 13:36:37]
You  : exit
Nova : Goodbye!
----------------------------------------
[12-08-2026 13:38:59]
You  : My favourite language is Python.
Nova : I'll remember that your favourite language is Python..
----------------------------------------
[12-08-2026 13:39:14]
You  : I also like Java.
Nova : I'll remember that you also like Java..
----------------------------------------
[12-08-2026 13:39:30]
You  : What languages do I like?
Nova : You like Java..
----------------------------------------
[12-08-2026 13:40:10]
You  : exit
Nova : Goodbye!
----------------------------------------
[12-08-2026 13:42:36]
You  : I also like Java.
Nova : I'll remember that you also like Java..
----------------------------------------
[12-08-2026 13:42:50]
You  : What languages do I like?
Nova : You like Java. and Python..
----------------------------------------
[12-08-2026 13:43:37]
You  : exit
Nova : Goodbye!
----------------------------------------
